// Vitest Snapshot v1, https://vitest.dev/guide/snapshot.html

exports[`default 1`] = `
Uint8Array [
  119,
  101,
  32,
  97,
  114,
  101,
  32,
  97,
  108,
  108,
  32,
  103,
  111,
  110,
  110,
  97,
  32,
  109,
  97,
  107,
  101,
  32,
  105,
  116,
  119,
  101,
  32,
  97,
  114,
  101,
  32,
  97,
  108,
  108,
  32,
  103,
  111,
  110,
  110,
  97,
  32,
  109,
  97,
  107,
  101,
  32,
  105,
  116,
  119,
  101,
  32,
  97,
  114,
  101,
  32,
  97,
  108,
  108,
  32,
  103,
  111,
  110,
  110,
  97,
  32,
  109,
  97,
  107,
  101,
  32,
  105,
  116,
  119,
  101,
  32,
  97,
  114,
  101,
  32,
  97,
  108,
  108,
  32,
  103,
  111,
  110,
  110,
  97,
  32,
  109,
  97,
  107,
  101,
  32,
  105,
  116,
  119,
  101,
  32,
  97,
  114,
  101,
  32,
  97,
  108,
  108,
  32,
  103,
  111,
  110,
  110,
  97,
  32,
  109,
  97,
  107,
  101,
  32,
  105,
]
`;
